[32m2026-05-26 18:20:33 -0700[0m - dagster - [34mDEBUG[0m - __ASSET_JOB - 582be0ca-f4d1-4ff5-b58a-f3544e44b37f - 93658 - LOGS_CAPTURED - Started capturing logs in process (pid: 93658).
[32m2026-05-26 18:20:33 -0700[0m - dagster - [34mDEBUG[0m - __ASSET_JOB - 582be0ca-f4d1-4ff5-b58a-f3544e44b37f - 93658 - monthly_mileage - STEP_START - Started execution of step "monthly_mileage".
Exception while writing logger call to event log: Unhandled value type <class 'numpy.float64'>
[32m2026-05-26 18:20:35 -0700[0m - dagster - [34mERROR[0m - [31m__ASSET_JOB - 582be0ca-f4d1-4ff5-b58a-f3544e44b37f - 93658 - monthly_mileage - STEP_FAILURE - Execution of step "monthly_mileage" failed.

dagster_shared.serdes.errors.SerializationError: Unhandled value type <class 'numpy.float64'>

Stack Trace:
  File "/Users/katelynvuong/Desktop/garmin-strava-dashboard/.venv/lib/python3.9/site-packages/dagster/_core/execution/plan/execute_plan.py", line 247, in dagster_event_sequence_for_step
    yield from check.generator(step_events)
  File "/Users/katelynvuong/Desktop/garmin-strava-dashboard/.venv/lib/python3.9/site-packages/dagster/_core/execution/plan/execute_step.py", line 511, in core_dagster_event_sequence_for_step
    for evt in _type_check_and_store_output(step_context, user_event):
  File "/Users/katelynvuong/Desktop/garmin-strava-dashboard/.venv/lib/python3.9/site-packages/dagster/_core/execution/plan/execute_step.py", line 575, in _type_check_and_store_output
    yield from _type_check_output(step_context, step_output_handle, output)
  File "/Users/katelynvuong/Desktop/garmin-strava-dashboard/.venv/lib/python3.9/site-packages/dagster/_core/execution/plan/execute_step.py", line 411, in _type_check_output
    yield DagsterEvent.step_output_event(
  File "/Users/katelynvuong/Desktop/garmin-strava-dashboard/.venv/lib/python3.9/site-packages/dagster/_core/events/__init__.py", line 981, in step_output_event
    return DagsterEvent.from_step(
  File "/Users/katelynvuong/Desktop/garmin-strava-dashboard/.venv/lib/python3.9/site-packages/dagster/_core/events/__init__.py", line 511, in from_step
    log_step_event(step_context, event, batch_metadata)
  File "/Users/katelynvuong/Desktop/garmin-strava-dashboard/.venv/lib/python3.9/site-packages/dagster/_core/events/__init__.py", line 382, in log_step_event
    step_context.log.log_dagster_event(
  File "/Users/katelynvuong/Desktop/garmin-strava-dashboard/.venv/lib/python3.9/site-packages/dagster/_core/log_manager.py", line 396, in log_dagster_event
    self.log(
  File "/Users/katelynvuong/Desktop/garmin-strava-dashboard/.venv/lib/python3.9/site-packages/dagster/_core/log_manager.py", line 426, in log
    self._log(level, msg, args, **kwargs)
  File "/Users/katelynvuong/opt/anaconda3/lib/python3.9/logging/__init__.py", line 1589, in _log
    self.handle(record)
  File "/Users/katelynvuong/opt/anaconda3/lib/python3.9/logging/__init__.py", line 1599, in handle
    self.callHandlers(record)
  File "/Users/katelynvuong/opt/anaconda3/lib/python3.9/logging/__init__.py", line 1661, in callHandlers
    hdlr.handle(record)
  File "/Users/katelynvuong/opt/anaconda3/lib/python3.9/logging/__init__.py", line 952, in handle
    self.emit(record)
  File "/Users/katelynvuong/Desktop/garmin-strava-dashboard/.venv/lib/python3.9/site-packages/dagster/_core/log_manager.py", line 269, in emit
    handler.handle(dagster_record)
  File "/Users/katelynvuong/opt/anaconda3/lib/python3.9/logging/__init__.py", line 952, in handle
    self.emit(record)
  File "/Users/katelynvuong/Desktop/garmin-strava-dashboard/.venv/lib/python3.9/site-packages/dagster/_core/instance/types.py", line 49, in emit
    self._instance.handle_new_event(
  File "/Users/katelynvuong/Desktop/garmin-strava-dashboard/.venv/lib/python3.9/site-packages/dagster/_core/instance/methods/event_methods.py", line 229, in handle_new_event
    self._event_storage_impl.store_event(events[0])
  File "/Users/katelynvuong/Desktop/garmin-strava-dashboard/.venv/lib/python3.9/site-packages/dagster/_core/storage/event_log/sqlite/sqlite_event_log.py", line 255, in store_event
    insert_event_statement = self.prepare_insert_event(event)
  File "/Users/katelynvuong/Desktop/garmin-strava-dashboard/.venv/lib/python3.9/site-packages/dagster/_core/storage/event_log/sql_event_log.py", line 196, in prepare_insert_event
    return SqlEventLogStorageTable.insert().values(**self._event_to_row(event))
  File "/Users/katelynvuong/Desktop/garmin-strava-dashboard/.venv/lib/python3.9/site-packages/dagster/_core/storage/event_log/sql_event_log.py", line 221, in _event_to_row
    "event": serialize_value(event),
  File "/Users/katelynvuong/Desktop/garmin-strava-dashboard/.venv/lib/python3.9/site-packages/dagster_shared/serdes/serdes.py", line 842, in serialize_value
    return seven.json.dumps(serializable_value, **json_kwargs)
  File "/Users/katelynvuong/opt/anaconda3/lib/python3.9/json/__init__.py", line 234, in dumps
    return cls(
  File "/Users/katelynvuong/opt/anaconda3/lib/python3.9/json/encoder.py", line 199, in encode
    chunks = self.iterencode(o, _one_shot=True)
  File "/Users/katelynvuong/opt/anaconda3/lib/python3.9/json/encoder.py", line 257, in iterencode
    return _iterencode(o, 0)
  File "/Users/katelynvuong/Desktop/garmin-strava-dashboard/.venv/lib/python3.9/site-packages/dagster_shared/serdes/serdes.py", line 1082, in items
    yield from serializer.pack_items(
  File "/Users/katelynvuong/Desktop/garmin-strava-dashboard/.venv/lib/python3.9/site-packages/dagster_shared/serdes/serdes.py", line 649, in pack_items
    field_value = custom.pack(
  File "/Users/katelynvuong/Desktop/garmin-strava-dashboard/.venv/lib/python3.9/site-packages/dagster/_core/definitions/metadata/__init__.py", line 190, in pack
    return [
  File "/Users/katelynvuong/Desktop/garmin-strava-dashboard/.venv/lib/python3.9/site-packages/dagster/_core/definitions/metadata/__init__.py", line 196, in <listcomp>
    "entry_data": pack_value(v, whitelist_map, descent_path),  # type: ignore
  File "/Users/katelynvuong/Desktop/garmin-strava-dashboard/.venv/lib/python3.9/site-packages/dagster_shared/serdes/serdes.py", line 899, in pack_value
    return _transform_for_serialization(
  File "/Users/katelynvuong/Desktop/garmin-strava-dashboard/.venv/lib/python3.9/site-packages/dagster_shared/serdes/serdes.py", line 982, in _transform_for_serialization
    return object_handler(
  File "/Users/katelynvuong/Desktop/garmin-strava-dashboard/.venv/lib/python3.9/site-packages/dagster_shared/serdes/serdes.py", line 1050, in _pack_object
    return dict(serializer.pack_items(obj, whitelist_map, _pack_object, descent_path))
  File "/Users/katelynvuong/Desktop/garmin-strava-dashboard/.venv/lib/python3.9/site-packages/dagster_shared/serdes/serdes.py", line 664, in pack_items
    _transform_for_serialization(
  File "/Users/katelynvuong/Desktop/garmin-strava-dashboard/.venv/lib/python3.9/site-packages/dagster_shared/serdes/serdes.py", line 1040, in _transform_for_serialization
    raise SerializationError(f"Unhandled value type {tval}")
[0m
