[32m2026-05-26 12:15:48 -0700[0m - dagster - [34mDEBUG[0m - __ASSET_JOB - bb688ee5-1e60-4b9f-84a1-ddd44a83df80 - 67856 - LOGS_CAPTURED - Started capturing logs in process (pid: 67856).
[32m2026-05-26 12:15:48 -0700[0m - dagster - [34mDEBUG[0m - __ASSET_JOB - bb688ee5-1e60-4b9f-84a1-ddd44a83df80 - 67856 - garmin_activities - STEP_START - Started execution of step "garmin_activities".
[32m2026-05-26 12:17:30 -0700[0m - dagster - [34mERROR[0m - [31m__ASSET_JOB - bb688ee5-1e60-4b9f-84a1-ddd44a83df80 - 67856 - garmin_activities - STEP_FAILURE - Execution of step "garmin_activities" failed.

dagster._core.errors.DagsterExecutionStepExecutionError: Error occurred while executing op "garmin_activities"::

duckdb.duckdb.IOException: IO Error: Cannot open file "/Users/katelynvuong/Desktop/garmin-strava-dashboard/data/staging/data.duckdb": No such file or directory

Stack Trace:
  File "/Users/katelynvuong/Desktop/garmin-strava-dashboard/.venv/lib/python3.9/site-packages/dagster/_core/execution/plan/utils.py", line 57, in op_execution_error_boundary
    yield
  File "/Users/katelynvuong/Desktop/garmin-strava-dashboard/.venv/lib/python3.9/site-packages/dagster/_utils/__init__.py", line 392, in iterate_with_context
    next_output = next(iterator)
  File "/Users/katelynvuong/Desktop/garmin-strava-dashboard/.venv/lib/python3.9/site-packages/dagster/_core/execution/plan/compute_generator.py", line 137, in _coerce_op_compute_fn_to_iterator
    result = invoke_compute_fn(
  File "/Users/katelynvuong/Desktop/garmin-strava-dashboard/.venv/lib/python3.9/site-packages/dagster/_core/execution/plan/compute_generator.py", line 117, in invoke_compute_fn
    return fn(context, **args_to_pass) if context_arg_provided else fn(**args_to_pass)
  File "/Users/katelynvuong/Desktop/garmin-strava-dashboard/dagster_project/src/defs/assets/activities.py", line 48, in garmin_activities
    conn = backoff(
  File "/Users/katelynvuong/Desktop/garmin-strava-dashboard/.venv/lib/python3.9/site-packages/dagster/_utils/backoff.py", line 74, in backoff
    raise to_raise
  File "/Users/katelynvuong/Desktop/garmin-strava-dashboard/.venv/lib/python3.9/site-packages/dagster/_utils/backoff.py", line 68, in backoff
    return fn(*args, **kwargs)
[0m
